// Jest Snapshot v1, https://goo.gl/fbAQLP

exports[`Dashboard component should render dashboard 1`] = `ShallowWrapper {}`;
