// Jest Snapshot v1, https://goo.gl/fbAQLP

exports[`DocumentsView component should render documents view component 1`] = `ShallowWrapper {}`;
