// Jest Snapshot v1, https://goo.gl/fbAQLP

exports[`Menu component should render menu component 1`] = `ShallowWrapper {}`;
