// Jest Snapshot v1, https://goo.gl/fbAQLP

exports[`RecentView component should render recent view component 1`] = `ShallowWrapper {}`;
