// Jest Snapshot v1, https://goo.gl/fbAQLP

exports[`User component should render user component 1`] = `ShallowWrapper {}`;
